#! /c/Source/iverilog-install/bin/vvp
:ivl_version "12.0 (devel)" "(s20150603-1110-g18392a46)";
:ivl_delay_selection "TYPICAL";
:vpi_time_precision + 0;
:vpi_module "C:\BHARAT~1\iverilog\lib\ivl\system.vpi";
:vpi_module "C:\BHARAT~1\iverilog\lib\ivl\vhdl_sys.vpi";
:vpi_module "C:\BHARAT~1\iverilog\lib\ivl\vhdl_textio.vpi";
:vpi_module "C:\BHARAT~1\iverilog\lib\ivl\v2005_math.vpi";
:vpi_module "C:\BHARAT~1\iverilog\lib\ivl\va_math.vpi";
S_000001dc68519430 .scope module, "testbench" "testbench" 2 1;
 .timescale 0 0;
v000001dc6851bc60_0 .var "a", 0 0;
v000001dc6851bd00_0 .var "b", 0 0;
v000001dc6851bda0_0 .var "sel", 0 0;
v000001dc68412780_0 .net "y", 0 0, v000001dc6851bbc0_0;  1 drivers
S_000001dc685195c0 .scope module, "uut" "mux_2_to_1" 2 6, 3 1 0, S_000001dc68519430;
 .timescale 0 0;
    .port_info 0 /INPUT 1 "a";
    .port_info 1 /INPUT 1 "b";
    .port_info 2 /INPUT 1 "sel";
    .port_info 3 /OUTPUT 1 "y";
v000001dc68516a60_0 .net "a", 0 0, v000001dc6851bc60_0;  1 drivers
v000001dc68415af0_0 .net "b", 0 0, v000001dc6851bd00_0;  1 drivers
v000001dc68516790_0 .net "sel", 0 0, v000001dc6851bda0_0;  1 drivers
v000001dc6851bbc0_0 .var "y", 0 0;
E_000001dc6851cd20 .event anyedge, v000001dc68516790_0, v000001dc68516a60_0, v000001dc68415af0_0;
    .scope S_000001dc685195c0;
T_0 ;
    %wait E_000001dc6851cd20;
    %load/vec4 v000001dc68516790_0;
    %dup/vec4;
    %pushi/vec4 0, 0, 1;
    %cmp/u;
    %jmp/1 T_0.0, 6;
    %dup/vec4;
    %pushi/vec4 1, 0, 1;
    %cmp/u;
    %jmp/1 T_0.1, 6;
    %jmp T_0.2;
T_0.0 ;
    %load/vec4 v000001dc68516a60_0;
    %store/vec4 v000001dc6851bbc0_0, 0, 1;
    %jmp T_0.2;
T_0.1 ;
    %load/vec4 v000001dc68415af0_0;
    %store/vec4 v000001dc6851bbc0_0, 0, 1;
    %jmp T_0.2;
T_0.2 ;
    %pop/vec4 1;
    %jmp T_0;
    .thread T_0, $push;
    .scope S_000001dc68519430;
T_1 ;
    %vpi_call 2 8 "$dumpfile", "waveform.vcd" {0 0 0};
    %vpi_call 2 9 "$dumpvars", 32'sb00000000000000000000000000000000, S_000001dc68519430 {0 0 0};
    %vpi_call 2 10 "$monitor", "time=%t a=%b b=%b sel=%b y=%b", $time, v000001dc6851bc60_0, v000001dc6851bd00_0, v000001dc6851bda0_0, v000001dc68412780_0 {0 0 0};
    %pushi/vec4 0, 0, 1;
    %store/vec4 v000001dc6851bc60_0, 0, 1;
    %pushi/vec4 1, 0, 1;
    %store/vec4 v000001dc6851bd00_0, 0, 1;
    %pushi/vec4 0, 0, 1;
    %store/vec4 v000001dc6851bda0_0, 0, 1;
    %delay 10, 0;
    %pushi/vec4 1, 0, 1;
    %store/vec4 v000001dc6851bda0_0, 0, 1;
    %delay 10, 0;
    %vpi_call 2 16 "$finish" {0 0 0};
    %end;
    .thread T_1;
# The file index is used to find the file name in the following table.
:file_names 4;
    "N/A";
    "<interactive>";
    "testbench.v";
    "module.v";
